# 测试文件
# 更新时间: 2025-11-30 15:33:32
# 这是一个测试文件

测试频道1,http://test1.com
测试频道2,http://test2.com